SAIA PG5 LINKER V2.2.230                                               Page 1
User: DEMONSTRATION VERSION
File: Device2ème.pcd   Linked: 01/09/17 10:14 

        CODE    CODE    TXT/DB  EXTEN
FILE    START   SEG     SEG     SEG     ASSEMBLY         FILE
NUMBER  LINE    LINES   BYTES   BYTES   DATE AND TIME    NAME
--------------------------------------------------------------------------------
1       0       0       812     0       01/09/17 10:14   _Device2ème.src
2       0       19      0       0       01/09/17 10:14   TestFHE.fbd
3       19      0       68      0       01/09/17 10:14   _TCPIPDBX.src
4       19      0       0       0       01/09/17 10:14   InitODM.src
5       19      78      12      0       14/10/14 11:02   sfuplib3.src
--------------------------------------------------------------------------------

CODE SEGMENT SIZE:      122 LINES (488 BYTES)
TEXT/DB SEGMENT SIZE:   892 BYTES
EXTENSION MEM SIZE:     0 BYTES
PUBLIC SYMBOLS:         234

PUBLIC SYMBOLS
___ETR___  F    2021          5#    5     
___REFR    PB   0             5#    2     5     
__DBSTRC__ R    2114..2216    5#    2     5     
__DYNAMICS__.__FIRST_COUNTER__
                1000          1#    
__DYNAMICS__.__FIRST_DB__
                3500          1#    
__DYNAMICS__.__FIRST_FLAG__
                2000          1#    
__DYNAMICS__.__FIRST_RAM_DB__
                6600          1#    
__DYNAMICS__.__FIRST_RAM_TEXT__
                5000          1#    
__DYNAMICS__.__FIRST_REGISTER__
                2000          1#    
__DYNAMICS__.__FIRST_TEXT__
                3000          1#    
__DYNAMICS__.__FIRST_TIMER__
                10            1#    
__DYNAMICS__.__LAST_COUNTER__
                1599          1#    
__DYNAMICS__.__LAST_DB__
                3999          1#    
__DYNAMICS__.__LAST_FLAG__
                8191          1#    
__DYNAMICS__.__LAST_RAM_DB__
                8191          1#    
__DYNAMICS__.__LAST_RAM_TEXT__
                6599          1#    
__DYNAMICS__.__LAST_REGISTER__
                8191          1#    
__DYNAMICS__.__LAST_TEXT__
                3499          1#    
__DYNAMICS__.__LAST_TIMER__
                49            1#    
__FIRST_NON_VOLATILE_FLAG__
                0             1#    
__high     F    2022          5#    2     5     
__LAST_TIMER__  49            1#    
__LAST_VOLATILE_FLAG__
                -1            1#    
__LIBVERS__._BLI_
                2007100       1#    
__LIBVERS__._CWM_Email
                2006150       1#    
__LIBVERS__._DDC_Suite_25
                2008160       1#    
__LIBVERS__._DDC_Suite_27
                2070137       1#    
__LIBVERS__._DDCLibrary
                2006208       1#    
__LIBVERS__._EOB
                2006147       1#    
__LIBVERS__._EOBV3
                3000030       1#    
__LIBVERS__._ESUITE2
                2000120       1#    
__LIBVERS__._L6x_RoomController_PCD7_L60x
                2006810       1#    
__LIBVERS__._L79x_RoomController_PCD7_L79x
                2006137       1#    
__LIBVERS__._PEHA_PHC
                1000100       1#    
__LIBVERS__._SAIA_BELIMO
                2007520       1#    
__LIBVERS__._SAIA_D2H110
                2002000       1#    
__LIBVERS__._SAIA_D2H150
                2002000       1#    
__LIBVERS__._SAIA_D2H210
                2002000       1#    
__LIBVERS__._SAIA_D2H222
                1001000       1#    
__LIBVERS__._SAIA_D2H310
                2001000       1#    
__LIBVERS__._SAIA_D2H320
                2044000       1#    
__LIBVERS__._SAIA_D3T76XH100
                1001000       1#    
__LIBVERS__._SAIA_D3T76XH110
                1000000       1#    
__LIBVERS__._SAIA_D3T76XH150
                1001000       1#    
__LIBVERS__._SAIA_DALI
                2007520       1#    
__LIBVERS__._SAIA_DALIF26
                2007530       1#    
__LIBVERS__._SAIA_EIB
                2007520       1#    
__LIBVERS__._SAIA_ELine
                1002100       1#    
__LIBVERS__._SAIA_EnergyModbus
                2007520       1#    
__LIBVERS__._SAIA_EnergySBus
                2006191       1#    
__LIBVERS__._SAIA_FILE_SYSTEM
                2007540       1#    
__LIBVERS__._SAIA_HEAVAC
                2007530       1#    
__LIBVERS__._SAIA_HTTPC
                1000130       1#    
__LIBVERS__._SAIA_HWModemRF
                1000010       1#    
__LIBVERS__._SAIA_LONNET
                2007520       1#    
__LIBVERS__._SAIA_MODBUS
                2007330       1#    
__LIBVERS__._SAIA_MODEM
                2007520       1#    
__LIBVERS__._SAIA_PBUS_MODBUS_GTW
                2000017       1#    
__LIBVERS__._SAIA_ROOM_CONTROLLER_V11
                2007520       1#    
__LIBVERS__._SAIA_SFUPANLG
                2007350       1#    
__LIBVERS__._SAIA_SFUPBASE
                2007350       1#    
__LIBVERS__._SAIA_SFUPCOMM
                2007370       1#    
__LIBVERS__._SAIA_SHMI
                2000210       1#    
__LIBVERS__._SAIA_SMONITORING
                1000130       1#    
__LIBVERS__._SAIA_W3X5
                2010000       1#    
__LIBVERS__._SAIA_W6X5
                2010000       1#    
__LIBVERS__._SAIA_W745
                2002000       1#    
__LIBVERS__._SAIA_W800
                2002000       1#    
__LIBVERS__._SAIA_WIDE_AREA_AUTOMATION
                2007520       1#    
__LIBVERS__._SBC_FTPC
                1000100       1#    
__LIBVERS__._SBC_HVFD
                1001000       1#    
__LIBVERS__._UID_JCI_N2_Bus
                2006153       1#    
__low      F    2023          5#    2     5     
__PageProbeExtTypes
                1             5#    
__PCD_CURRENT_BUILD_KEY__
           DB   3501          5#    5     
__PCD_UID__
           DB   3500          1#    1     
__PCD1_F2611__  55            1#    
__PCD1_G1100__  51            1#    
__PCD1_G3600__  52            1#    
__PCD1_G3601__  54            1#    
__PCD1_M0160E0__
                48            1#    
__PCD1_M2020__  37            1#    
__PCD1_M2110R1__
                49            1#    
__PCD1_M2120__  38            1#    
__PCD1_M2160__  43            1#    
__PCD1_M2220__  62            1#    
__PCD1_Mxxx__   1             1#    
__PCD1_W5300__  53            1#    
__PCD2_BUES__   14            1#    
__PCD2_M170__   3             1#    
__PCD2_M4160__  60            1#    
__PCD2_M4560__  61            1#    
__PCD2_M480__   10            1#    
__PCD2_M5440__  25            1#    
__PCD2_M5540__  26            1#    
__PCD2_M910__   11            1#    
__PCD2_Mxxx__   2             1#    
__PCD3_M2030V6__
                27            1#    
__PCD3_M2130V6__
                28            1#    
__PCD3_M2230A4T5__
                30            1#    
__PCD3_M2330A4T1__
                31            1#    
__PCD3_M2330A4T3__
                32            1#    
__PCD3_M2330A4T5__
                33            1#    
__PCD3_M302__   15            1#    
__PCD3_M312__   22            1#    
__PCD3_M316__   64            1#    
__PCD3_M323__   16            1#    
__PCD3_M333__   17            1#    
__PCD3_M336__   65            1#    
__PCD3_M534__   24            1#    
__PCD3_M536__   66            1#    
__PCD3_M544__   18            1#    
__PCD3_M554__   19            1#    
__PCD3_M556__   35            1#    
__PCD3_M634__   20            1#    
__PCD3_M636__   39            1#    
__PCD3_M644__   29            1#    
__PCD3_M654__   21            1#    
__PCD3_M656__   36            1#    
__PCD3_M6860__  47            1#    
__PCD3_M6880__  56            1#    
__PCD3_M6880_CPU1__
                57            1#    
__PCD3_T660__   34            1#    
__PCD3_T665__   41            1#    
__PCD3_T666__   42            1#    
__PCD3_T668__   58            1#    
__PCD4_M170__   9             1#    
__PCD4_Mxxx__   4             1#    
__PCD6_M5xx__   5             1#    
__PCD6_Mxxx__   6             1#    
__PCD7_D410VT5F__
                46            1#    
__PCD7_D412DT5F__
                44            1#    
__PCD7_D443WT5R__
                59            1#    
__PCD7_D457VT5F__
                45            1#    
__PCD7_D90VEM010__
                40            1#    
__PCS1_C8xx__   8             1#    
__Saia_Sfup__._Watchdog
           F    2024          5#    5     
__Saia_Sfup__.MaxFlag
                16383         1#    5     
__Saia_Sfup__.rTmpCalc
           R    2108          5#    5     
__Saia_Sfup__.rTmpCalcRemainder
           R    2109          5#    5     
__Saia_Sfup__.rTmpCalcResult
           R    2110          5#    5     
__SAIASystemBuildTime__
                0361BB45BH    1#    5     
__SASMVERS__    22230         1#    
__TIME_BASE__   100           1#    
__TIME_BASE_EXTN__
                100           1#    
__TIME_CONVERT__
           F    2000          1#    1     
__TIME_DIVFACT__
                1             1#    
__TIME_MULFACT__
                1             1#    
__TIME_MULTIPLY__
           F    2001          1#    1     
IO.AnalogueInput0
           R    2000          1#    1     
IO.AnalogueInput1
           R    2001          1#    1     
IO.DigitalInput0
           F    2002          1#    1     
IO.DigitalInput1
           F    2003          1#    1     
IO.DigitalInput2
           F    2004          1#    1     
IO.DigitalInput3
           F    2005          1#    1     
IO.IOAccess.ANALOGUE_INPUT_0
                0             1#    
IO.IOAccess.ANALOGUE_INPUT_1
                2             1#    
IO.IOAccess.DIGITAL_INPUT_0TO3
                6             1#    
IO.IOAccess.RELAY_OUTPUT
                0             1#    
IO.IOAccess.STATUS_ANALOGUE_INPUT_0
                4             1#    
IO.IOAccess.STATUS_ANALOGUE_INPUT_1
                5             1#    
IO.RelayOutput
           F    2010          1#    1     
IO.StatusAnalogueInput0
           R    2002          1#    1     
IO.StatusAnalogueInput1
           R    2003          1#    1     
IO.WatchdogStatus
           F    2006          1#    1     
mycounter  R    2005          2#    
S.CPU.Cpu       0             1#    
S.CPU.Eline_System
                0             1#    
S.CPU.EnergyMonitoringEnabled
                0             1#    
S.CPU.FirstCounter
           C    50            1#    
S.CPU.FirstDynCounter
           C    1000          1#    
S.CPU.FirstDynDB
           DB   3500          1#    
S.CPU.FirstDynFlag
           F    2000          1#    
S.CPU.FirstDynRamDB
           DB   6600          1#    
S.CPU.FirstDynRamText
           TEXT 5000          1#    
S.CPU.FirstDynRegister
           R    2000          1#    
S.CPU.FirstDynText
           TEXT 3000          1#    
S.CPU.FirstDynTimer
           T    10            1#    
S.CPU.FirstNonvolatileFlag
           F    0             1#    
S.CPU.FirstWritableTextDB
                4000          1#    
S.CPU.FullHandshakeOnPort0
                0             1#    
S.CPU.HasVolatileFlags
                0             1#    
S.CPU.IPAddress 0C0A80030H    1#    
S.CPU.IPChannel 9             1#    
S.CPU.IPDefaultRouter
                0C0A800FEH    1#    
S.CPU.IPNode    0             1#    
S.CPU.IPSubnetMask
                0FFFFFF00H    1#    
S.CPU.LastDynCounter
           C    1599          1#    
S.CPU.LastDynDB
           DB   3999          1#    
S.CPU.LastDynFlag
           F    8191          1#    
S.CPU.LastDynRamDB
           DB   8191          1#    
S.CPU.LastDynRamText
           TEXT 6599          1#    
S.CPU.LastDynRegister
           R    8191          1#    
S.CPU.LastDynText
           TEXT 3499          1#    
S.CPU.LastDynTimer
           T    49            1#    
S.CPU.LastTimer
           T    49            1#    
S.CPU.LastVolatileFlag
                -1            1#    
S.CPU.MaxCounter
                1599          1#    
S.CPU.MaxFlag   16383         1#    
S.CPU.MaxFWVersion
                12800         1#    
S.CPU.MaxReg    16383         1#    
S.CPU.MinFWVersion
                12600         1#    
S.CPU.NT_System 1             1#    
S.CPU.PCD2M5_System
                0             1#    
S.CPU.PCD3_System
                0             1#    
S.CPU.PcdType   62            1#    
S.CPU.ProgramVersion
                1000000       1#    
S.CPU.SbusBaudRate
                9600          1#    
S.CPU.SbusMode  2             1#    
S.CPU.SbusModemBaudRate
                9600          1#    
S.CPU.SbusModemMode
                2             1#    
S.CPU.SbusModemPort
                -1            1#    
S.CPU.SbusPguPort
                -1            1#    
S.CPU.SbusStation
                100           1#    
S.CPU.TimerTimebase
                100           1#    
S.CPU.Use16BitAddressing
                1             1#    
S.CPU.Xob1Enable
                0             1#    
S.IO.AnalogueInput
           R    2000..2001    1#    1     2     
S.IO.DigitalInput
           F    2002..2009    1#    1     
S.IO.RelayOutput
           F    2010          1#    1     
S.IO.StatusAnalogueInput
           R    2002..2003    1#    1     
s.odm.FlagDiag
           F    2011..2018    4#    4     
s.odm.InitError
           F    2019          4#    4     
s.odm.InitExec
           F    2020          4#    4     
S.ODM.Initialized
                1             1#    
S.ODM.ReadTimeout
                1000          1#    
s.odm.RegChannel
           R    2004          4#    4     
S.PRJ.ANSICodePage
                1252          1#    
S.PRJ.AppLanguage
                'en'          1#    
S.PRJ.Device2ème.SbusStation
                100           1#    
S.PRJ.LibLanguage
                'en'          1#    
S.SYS.SASMVERS  2002230       1#    
test.dat   TEXT 3000          2#    

Linkage complete. 0 errors, 0 warnings.
