SAIA PG5 LINKER V2.2.140                                               Page 1
User: INDEA
File: 4S_Station_A17.pcd   Linked: 21/06/17 08:45 

        CODE    CODE    TXT/DB  EXTEN
FILE    START   SEG     SEG     SEG     ASSEMBLY         FILE
NUMBER  LINE    LINES   BYTES   BYTES   DATE AND TIME    NAME
--------------------------------------------------------------------------------
1       0       0       1336    0       21/06/17 08:45   _4S_Station_A17.src
2       0       0       344     0       21/06/17 08:45   4S_Station_A17.srcrio
3       0       0       0       0       21/06/17 08:45   _RIO Symbols.sy5
4       0       3350    2106    1328    21/06/17 08:45   ST17A.fbd
5       3350    1079    230     16      21/06/17 08:45   heavac5.srx
6       4429    78      12      0       14/10/14 11:02   sfuplib3.src
--------------------------------------------------------------------------------

CODE SEGMENT SIZE:      4912 LINES (19648 BYTES)
TEXT/DB SEGMENT SIZE:   4028 BYTES
EXTENSION MEM SIZE:     1344 BYTES
PUBLIC SYMBOLS:         565

PUBLIC SYMBOLS
___ETR___  F    2165          6#    6     
___REFR    PB   0             6#    4     6     
__DBSTRC__ R    2072..2174    6#    4     6     
__DYNAMICS__.__FIRST_COUNTER__
                1000          1#    
__DYNAMICS__.__FIRST_DB__
                3500          1#    
__DYNAMICS__.__FIRST_FLAG__
                2000          1#    
__DYNAMICS__.__FIRST_RAM_DB__
                6600          1#    
__DYNAMICS__.__FIRST_RAM_TEXT__
                5000          1#    
__DYNAMICS__.__FIRST_REGISTER__
                2000          1#    
__DYNAMICS__.__FIRST_TEXT__
                3000          1#    
__DYNAMICS__.__FIRST_TIMER__
                10            1#    
__DYNAMICS__.__LAST_COUNTER__
                1599          1#    
__DYNAMICS__.__LAST_DB__
                3999          1#    
__DYNAMICS__.__LAST_FLAG__
                8191          1#    
__DYNAMICS__.__LAST_RAM_DB__
                8191          1#    
__DYNAMICS__.__LAST_RAM_TEXT__
                6599          1#    
__DYNAMICS__.__LAST_REGISTER__
                8191          1#    
__DYNAMICS__.__LAST_TEXT__
                3499          1#    
__DYNAMICS__.__LAST_TIMER__
                49            1#    
__FIRST_NON_VOLATILE_FLAG__
                0             1#    
__high     F    2166          6#    4     6     
__LAST_TIMER__  49            1#    
__LAST_VOLATILE_FLAG__
                -1            1#    
__LIBRARY__._SAIA_ENOCEAN
                1             4#    
__LIBRARY__._SAIA_HEAVAC
                1             5#    
__LIBVERS__._BLI_
                2007100       1#    
__LIBVERS__._CWM_Email
                2006150       1#    
__LIBVERS__._DDC_Suite_25
                2008160       1#    
__LIBVERS__._DDC_Suite_27
                2070137       1#    
__LIBVERS__._DDCLibrary
                2006208       1#    
__LIBVERS__._EOB
                2006147       1#    
__LIBVERS__._EOBV3
                3000030       1#    
__LIBVERS__._ESUITE2
                2000120       1#    
__LIBVERS__._L6x_RoomController_PCD7_L60x
                2006810       1#    
__LIBVERS__._L79x_RoomController_PCD7_L79x
                2006137       1#    
__LIBVERS__._PEHA_PHC
                1000100       1#    
__LIBVERS__._SAIA_BELIMO
                2007520       1#    
__LIBVERS__._SAIA_BUES1
                2007100       1#    
__LIBVERS__._SAIA_D2H110
                2002000       1#    
__LIBVERS__._SAIA_D2H150
                2002000       1#    
__LIBVERS__._SAIA_D2H210
                2002000       1#    
__LIBVERS__._SAIA_D2H222
                1001000       1#    
__LIBVERS__._SAIA_D2H310
                2001000       1#    
__LIBVERS__._SAIA_D2H320
                2044000       1#    
__LIBVERS__._SAIA_D3T76XH100
                1001000       1#    
__LIBVERS__._SAIA_D3T76XH110
                1000000       1#    
__LIBVERS__._SAIA_D3T76XH150
                1001000       1#    
__LIBVERS__._SAIA_DALI
                2007520       1#    
__LIBVERS__._SAIA_DALIF26
                2007530       1#    
__LIBVERS__._SAIA_EIB
                2007520       1#    
__LIBVERS__._SAIA_ELine
                1002100       1#    
__LIBVERS__._SAIA_EnergyModbus
                2007520       1#    
__LIBVERS__._SAIA_EnergySBus
                2006191       1#    
__LIBVERS__._SAIA_FILE_SYSTEM
                2007540       1#    
__LIBVERS__._SAIA_HEAVAC
                2007530       1#    
__LIBVERS__._SAIA_HTTPC
                1000130       1#    
__LIBVERS__._SAIA_HWModemRF
                1000010       1#    
__LIBVERS__._SAIA_LONIP
                2007300       1#    
__LIBVERS__._SAIA_LONNET
                2007520       1#    
__LIBVERS__._SAIA_MODBUS
                2007330       1#    
__LIBVERS__._SAIA_MODEM
                2007520       1#    
__LIBVERS__._SAIA_PBUS_MODBUS_GTW
                2000017       1#    
__LIBVERS__._SAIA_ROOM_CONTROLLER_V11
                2007520       1#    
__LIBVERS__._SAIA_SFDBLIB
                2000101       4#    
__LIBVERS__._SAIA_SFSYS
                2000001       4#    
__LIBVERS__._SAIA_SFUPANLG
                2007340       1#    
__LIBVERS__._SAIA_SFUPBASE
                2007350       1#    
__LIBVERS__._SAIA_SFUPCOMM
                2007370       1#    
__LIBVERS__._SAIA_SHMI
                2000210       1#    
__LIBVERS__._SAIA_SMONITORING
                1000130       1#    
__LIBVERS__._SAIA_W3X5
                2010000       1#    
__LIBVERS__._SAIA_W6X5
                2010000       1#    
__LIBVERS__._SAIA_W745
                2002000       1#    
__LIBVERS__._SAIA_W800
                2002000       1#    
__LIBVERS__._SAIA_WIDE_AREA_AUTOMATION
                2007520       1#    
__LIBVERS__._SBC_FTPC
                1000100       1#    
__LIBVERS__._SBC_HVFD
                1001000       1#    
__LIBVERS__._SBCHDLog
                2006182       1#    
__LIBVERS__._SWA_Alarming
                2006302       1#    
__LIBVERS__._UID_JCI_N2_Bus
                2006153       1#    
__low      F    2167          6#    4     6     
__PageProbeExtTypes
                1             6#    
__PCD_CURRENT_BUILD_KEY__
           DB   3503          6#    4     6     
__PCD_UID__
           DB   3500          1#    1     
__PCD1_F2611__  55            1#    
__PCD1_G1100__  51            1#    
__PCD1_G3600__  52            1#    
__PCD1_G3601__  54            1#    
__PCD1_M0160E0__
                48            1#    
__PCD1_M2020__  37            1#    
__PCD1_M2110R1__
                49            1#    
__PCD1_M2120__  38            1#    
__PCD1_M2160__  43            1#    
__PCD1_M2220__  62            1#    
__PCD1_Mxxx__   1             1#    
__PCD1_W5300__  53            1#    
__PCD2_BUES__   14            1#    
__PCD2_M170__   3             1#    
__PCD2_M4160__  60            1#    
__PCD2_M4560__  61            1#    
__PCD2_M480__   10            1#    
__PCD2_M5440__  25            1#    
__PCD2_M5540__  26            1#    
__PCD2_M910__   11            1#    
__PCD2_Mxxx__   2             1#    
__PCD3_M2030V6__
                27            1#    
__PCD3_M2130V6__
                28            1#    
__PCD3_M2230A4T5__
                30            1#    
__PCD3_M2330A4T1__
                31            1#    
__PCD3_M2330A4T3__
                32            1#    
__PCD3_M2330A4T5__
                33            1#    
__PCD3_M302__   15            1#    
__PCD3_M312__   22            1#    
__PCD3_M316__   64            1#    
__PCD3_M323__   16            1#    
__PCD3_M333__   17            1#    
__PCD3_M336__   65            1#    
__PCD3_M534__   24            1#    
__PCD3_M536__   66            1#    
__PCD3_M544__   18            1#    
__PCD3_M554__   19            1#    
__PCD3_M556__   35            1#    
__PCD3_M634__   20            1#    
__PCD3_M636__   39            1#    
__PCD3_M644__   29            1#    
__PCD3_M654__   21            1#    
__PCD3_M656__   36            1#    
__PCD3_M6860__  47            1#    
__PCD3_M6880__  56            1#    
__PCD3_M6880_CPU1__
                57            1#    
__PCD3_T660__   34            1#    
__PCD3_T665__   41            1#    
__PCD3_T666__   42            1#    
__PCD3_T668__   58            1#    
__PCD4_M170__   9             1#    
__PCD4_Mxxx__   4             1#    
__PCD6_M5xx__   5             1#    
__PCD6_Mxxx__   6             1#    
__PCD7_D410VT5F__
                46            1#    
__PCD7_D412DT5F__
                44            1#    
__PCD7_D443WT5R__
                59            1#    
__PCD7_D457VT5F__
                45            1#    
__PCD7_D90VEM010__
                40            1#    
__PCS1_C8xx__   8             1#    
__Saia_Sfup__._Watchdog
           F    2168          6#    6     
__Saia_Sfup__.MaxFlag
                14335         1#    6     
__Saia_Sfup__.rTmpCalc
           R    2175          6#    6     
__Saia_Sfup__.rTmpCalcRemainder
           R    2176          6#    6     
__Saia_Sfup__.rTmpCalcResult
           R    2177          6#    6     
__SAIASystemBuildTime__
                06068E85H     1#    6     
__SASMVERS__    22140         1#    
__TIME_BASE__   100           1#    
__TIME_BASE_EXTN__
                100           1#    
__TIME_CONVERT__
           F    2000          1#    1     5     
__TIME_DIVFACT__
                1             1#    5     
__TIME_MULFACT__
                1             1#    5     
__TIME_MULTIPLY__
           F    2001          1#    1     5     
_HEAVAC._CLOCK._ALLPHDAY1
           F    2144          5#    4     5     
_HEAVAC._CLOCK._DAY
           R    2054          5#    5     
_HEAVAC._CLOCK._DAYINYEAR
           R    2063          5#    5     
_HEAVAC._CLOCK._DAYOW
           R    2323          5#    4     5     
_HEAVAC._CLOCK._DAYSLSC
           DB   3501          5#    5     
_HEAVAC._CLOCK._DAYSLST
           DB   3502          5#    5     
_HEAVAC._CLOCK._DHHMM
           R    2060          5#    5     
_HEAVAC._CLOCK._DOW0101
           R    2064          5#    5     
_HEAVAC._CLOCK._HHMM
           R    2049          5#    5     
_HEAVAC._CLOCK._HHMMSS
           R    2321..2323    5#    4     5     
_HEAVAC._CLOCK._HOUR
           R    2055          5#    5     
_HEAVAC._CLOCK._JJMMDD
           R    2047..2062    5#    5     
_HEAVAC._CLOCK._LEAP
           F    2145          5#    5     
_HEAVAC._CLOCK._MINODAY
           R    2065          5#    5     
_HEAVAC._CLOCK._MINUTE
           R    2056          5#    5     
_HEAVAC._CLOCK._MMDD
           R    2048          5#    5     
_HEAVAC._CLOCK._MMDDHHMM
           R    2061          5#    5     
_HEAVAC._CLOCK._MONTH
           R    2053          5#    5     
_HEAVAC._CLOCK._PHDAY
           F    2147          5#    4     5     
_HEAVAC._CLOCK._PHDAY1
           F    2148          5#    4     5     
_HEAVAC._CLOCK._SEASON
           F    2149          5#    5     
_HEAVAC._CLOCK._SECODAY
           R    2062          5#    5     
_HEAVAC._CLOCK._SECOND
           R    2057          5#    5     
_HEAVAC._CLOCK._SECTICK
           F    2150          5#    5     
_HEAVAC._CLOCK._TESTCLK
           F    2153          5#    4     5     
_HEAVAC._CLOCK._TESTCLK1
           F    2154          5#    4     5     
_HEAVAC._CLOCK._TESTCLKHW
           F    2155          5#    5     
_HEAVAC._CLOCK._TESTCLKRX
           F    2156          5#    5     
_HEAVAC._CLOCK._WEEK
           R    2058          5#    5     
_HEAVAC._CLOCK._WWD
           R    2059          5#    5     
_HEAVAC._CLOCK._YEAR
           R    2051          5#    5     
_HEAVAC._CLOCK._YYYYEAR
           R    2052          5#    5     
_HEAVAC._CLOCK._YYYYMMDD
           R    2322          5#    4     5     
_HEAVAC._FB._CLOCKFB
           FB   0             5#    5     
_HEAVAC._FB._CONV2
           FB   1             5#    5     
_HEAVAC._FB._CONV3
           FB   2             5#    5     
_HEAVAC._FB._DEADR
           FB   3             5#    4     5     
_HEAVAC._FB._DLGCODE
           FB   4             5#    5     
_HEAVAC._FB._DOWMONTH
           FB   5             5#    5     
_HEAVAC._FB._FT1B
           FB   6             5#    5     
_HEAVAC._FB._HYSTER
           FB   7             5#    5     
_HEAVAC._FB._ICODE
           FB   8             5#    5     
_HEAVAC._FB._KEYCODE
           FB   9             5#    5     
_HEAVAC._FB._MIMA
           FB   10            5#    4     5     
_HEAVAC._FB._REG1
           FB   11            5#    5     
_HEAVAC._FB._SAMPLE
           FB   12            5#    4     5     
_HEAVAC._FB._SHADE
           FB   13            5#    5     
_HEAVAC._FB._SHADE2
           FB   14            5#    5     
_HEAVAC._FB._SOWI
           FB   15            5#    4     5     
_HEAVAC._FB._SOWIFB
           FB   16            5#    5     
_HEAVAC._FB._SWSTATE
           FB   17            5#    5     
_HEAVAC._FB._TIME
           FB   18            5#    5     
_HEAVAC._PRIV._ERROR
           F    2158          5#    5     
A.EnOcean.EnOcean.RcvFieldStrength
           R    2447          4#    4     
A.HVC.Sonde4_16_Ch.ActVal
           R    2265          4#    4     
A.HVC.Sonde4_16_Ch.Auxiliary
                0             4#    
A.HVC.Sonde4_16_Ch.DeadR
           R    2264          4#    4     
A.HVC.Sonde4_16_Ch.Deviat
           R    2266          4#    4     
A.HVC.Sonde4_16_Ch.Disable
           R    2257..2270    4#    4     
A.HVC.Sonde4_16_Ch.Factor
                1             4#    
A.HVC.Sonde4_16_Ch.IntTime
           R    2261          4#    4     
A.HVC.Sonde4_16_Ch.LimHigh
           R    2263          4#    4     
A.HVC.Sonde4_16_Ch.Limits
                1             4#    
A.HVC.Sonde4_16_Ch.LimLow
           R    2262          4#    4     
A.HVC.Sonde4_16_Ch.ManVal
           R    2270          4#    4     
A.HVC.Sonde4_16_Ch.Mode
           F    2127..2128    4#    4     
A.HVC.Sonde4_16_Ch.Offset
           R    2259          4#    4     
A.HVC.Sonde4_16_Ch.PFac
           R    2038          4#    4     
A.HVC.Sonde4_16_Ch.PFac00
           R    2260          4#    4     
A.HVC.Sonde4_16_Ch.PtIni
           R    2258          4#    4     
A.HVC.Sonde4_16_Ch.SetPt
           R    2040          4#    4     
A.HVC.Sonde4_16_Ch.YOut
           R    2269          4#    4     
A.HVC.Sonde4_16_Fr.ActVal
           R    2279          4#    4     
A.HVC.Sonde4_16_Fr.Auxiliary
                0             4#    
A.HVC.Sonde4_16_Fr.DeadR
           R    2278          4#    4     
A.HVC.Sonde4_16_Fr.Deviat
           R    2280          4#    4     
A.HVC.Sonde4_16_Fr.Disable
           R    2271..2284    4#    4     
A.HVC.Sonde4_16_Fr.Factor
                1             4#    
A.HVC.Sonde4_16_Fr.IntTime
           R    2275          4#    4     
A.HVC.Sonde4_16_Fr.LimHigh
           R    2277          4#    4     
A.HVC.Sonde4_16_Fr.Limits
                1             4#    
A.HVC.Sonde4_16_Fr.LimLow
           R    2276          4#    4     
A.HVC.Sonde4_16_Fr.ManVal
           R    2284          4#    4     
A.HVC.Sonde4_16_Fr.Mode
           F    2130..2131    4#    4     
A.HVC.Sonde4_16_Fr.Offset
           R    2273          4#    4     
A.HVC.Sonde4_16_Fr.PFac
           R    2042          4#    4     
A.HVC.Sonde4_16_Fr.PFac00
           R    2274          4#    4     
A.HVC.Sonde4_16_Fr.PtIni
           R    2272          4#    4     
A.HVC.Sonde4_16_Fr.SetPt
           R    2044          4#    4     
A.HVC.Sonde4_16_Fr.YOut
           R    2283          4#    4     
A.HVC.Sonde4_17_Ch.ActVal
           R    2389          4#    4     
A.HVC.Sonde4_17_Ch.Auxiliary
                0             4#    
A.HVC.Sonde4_17_Ch.DeadR
           R    2388          4#    4     
A.HVC.Sonde4_17_Ch.Deviat
           R    2390          4#    4     
A.HVC.Sonde4_17_Ch.Disable
           R    2381..2394    4#    4     
A.HVC.Sonde4_17_Ch.Factor
                1             4#    
A.HVC.Sonde4_17_Ch.IntTime
           R    2385          4#    4     
A.HVC.Sonde4_17_Ch.LimHigh
           R    2387          4#    4     
A.HVC.Sonde4_17_Ch.Limits
                1             4#    
A.HVC.Sonde4_17_Ch.LimLow
           R    2386          4#    4     
A.HVC.Sonde4_17_Ch.ManVal
           R    2394          4#    4     
A.HVC.Sonde4_17_Ch.Mode
           F    2293..2294    4#    4     
A.HVC.Sonde4_17_Ch.Offset
           R    2383          4#    4     
A.HVC.Sonde4_17_Ch.PFac
           R    2027          4#    4     
A.HVC.Sonde4_17_Ch.PFac00
           R    2384          4#    4     
A.HVC.Sonde4_17_Ch.PtIni
           R    2382          4#    4     
A.HVC.Sonde4_17_Ch.SetPt
           R    2029          4#    4     
A.HVC.Sonde4_17_Ch.YOut
           R    2393          4#    4     
A.HVC.Sonde4_17_Fr.ActVal
           R    2403          4#    4     
A.HVC.Sonde4_17_Fr.Auxiliary
                0             4#    
A.HVC.Sonde4_17_Fr.DeadR
           R    2402          4#    4     
A.HVC.Sonde4_17_Fr.Deviat
           R    2404          4#    4     
A.HVC.Sonde4_17_Fr.Disable
           R    2395..2408    4#    4     
A.HVC.Sonde4_17_Fr.Factor
                1             4#    
A.HVC.Sonde4_17_Fr.IntTime
           R    2399          4#    4     
A.HVC.Sonde4_17_Fr.LimHigh
           R    2401          4#    4     
A.HVC.Sonde4_17_Fr.Limits
                1             4#    
A.HVC.Sonde4_17_Fr.LimLow
           R    2400          4#    4     
A.HVC.Sonde4_17_Fr.ManVal
           R    2408          4#    4     
A.HVC.Sonde4_17_Fr.Mode
           F    2296..2297    4#    4     
A.HVC.Sonde4_17_Fr.Offset
           R    2397          4#    4     
A.HVC.Sonde4_17_Fr.PFac
           R    2031          4#    4     
A.HVC.Sonde4_17_Fr.PFac00
           R    2398          4#    4     
A.HVC.Sonde4_17_Fr.PtIni
           R    2396          4#    4     
A.HVC.Sonde4_17_Fr.SetPt
           R    2033          4#    4     
A.HVC.Sonde4_17_Fr.YOut
           R    2407          4#    4     
A.PCD.Communication.Channel2
                2             4#    
EnOcean.ANT4_16R1.RcvID
           R    2320          4#    4     
EnOcean.PEHA.ANT_0.GatewayID
           R    2329          4#    4     
EnOcean.PEHA.ANT_0.LearnMode
           F    2258          4#    4     
EnOcean.PEHA.ANT_0.LearnOff
           F    2259          4#    4     
EnOcean.PEHA.ANT_0.LiveCheck
           R    2330          4#    4     
EnOcean.PEHA.ANT_0.RcvCnt
           R    2331          4#    4     
EnOcean.PEHA.ANT_0.RcvData
           R    2332          4#    4     
EnOcean.PEHA.ANT_0.RcvID
           R    2333          4#    4     
EnOcean.PEHA.ANT_0.SndAddr
           R    2334          4#    4     
EnOcean.PEHA.ANT_0.SndChan
           R    2335          4#    4     
EnOcean.PEHA.ANT_0.SndCnt
           R    2336          4#    4     
EnOcean.PEHA.ANT_0.SndID
           R    2337          4#    4     
EnOcean.PEHA.ANT_0.UnusedID
           R    2338          4#    4     
EnOcean.PEHA.ANT_0.UnusedIDClear
           F    2260          4#    4     
EnOcean.Sensortec.RFx06_P_16.LearnCmd
           F    2287          4#    4     
EnOcean.Sensortec.RFx06_P_16.LearnMode
           F    2288          4#    4     
EnOcean.Sensortec.RFx06_P_16.RcvDate
           R    2339          4#    4     
EnOcean.Sensortec.RFx06_P_16.RcvID
           R    2340          4#    4     
EnOcean.Sensortec.RFx06_P_16.RcvTime
           R    2341          4#    4     
EnOcean.Sensortec.RFx06_P_16.TempCorr
           R    2342          4#    4     
EnOcean.Sensortec.RFx06_P_17.LearnCmd
           F    2335          4#    4     
EnOcean.Sensortec.RFx06_P_17.LearnMode
           F    2336          4#    4     
EnOcean.Sensortec.RFx06_P_17.RcvDate
           R    2479          4#    4     
EnOcean.Sensortec.RFx06_P_17.RcvID
           R    2480          4#    4     
EnOcean.Sensortec.RFx06_P_17.RcvTime
           R    2481          4#    4     
EnOcean.Sensortec.RFx06_P_17.TempCorr
           R    2482          4#    4     
EnOcean.Temp.T4_13.Defaut
           F    2381          4#    4     
EnOcean.Temp.T4_13.SetPoint_App
           R    2414          4#    4     
EnOcean.Temp.T4_13.Temp
           R    2415          4#    4     
EnOcean.Temp.T4_13.TimeOut
           F    2382          4#    4     
EnOcean.Temp.T4_16.Defaut
           F    2263          4#    4     
EnOcean.Temp.T4_16.SetPoint_App
           R    2343          4#    4     
EnOcean.Temp.T4_16.Temp
           R    2344          4#    4     
EnOcean.Temp.T4_16.TimeOut
           F    2264          4#    4     
EnOcean.Temp.T4_17.Defaut
           F    2329          4#    4     
EnOcean.Temp.T4_17.SetPoint_App
           R    2459          4#    4     
EnOcean.Temp.T4_17.Temp
           R    2460          4#    4     
EnOcean.Temp.T4_17.TimeOut
           F    2330          4#    4     
IO.Slot0.IOAccess.ANALOGUE_OUTPUT_0
                0             1#    
IO.Slot0.IOAccess.ANALOGUE_OUTPUT_1
                2             1#    
IO.Slot0.IOAccess.ANALOGUE_OUTPUT_2
                4             1#    
IO.Slot0.IOAccess.ANALOGUE_OUTPUT_3
                6             1#    
IO.Slot0.IOAccess.SWITCH_STATUS
                0             1#    
IO.Slot0.StatusSwitch0
           F    2010          1#    1     
IO.Slot0.StatusSwitch1
           F    2014          1#    1     
IO.Slot0.StatusSwitch2
           F    2018          1#    1     
IO.Slot1.IOAccess.ANALOGUE_OUTPUT_0
                8             1#    
IO.Slot1.IOAccess.ANALOGUE_OUTPUT_1
                10            1#    
IO.Slot1.IOAccess.ANALOGUE_OUTPUT_2
                12            1#    
IO.Slot1.IOAccess.ANALOGUE_OUTPUT_3
                14            1#    
IO.Slot1.IOAccess.SWITCH_STATUS
                2             1#    
IO.Slot1.StatusSwitch0
           F    2026          1#    1     
IO.Slot1.StatusSwitch1
           F    2030          1#    1     
IO.Slot1.StatusSwitch2
           F    2034          1#    1     
IO.Slot2.IOAccess.ANALOGUE_OUTPUT_0
                16            1#    
IO.Slot2.IOAccess.ANALOGUE_OUTPUT_1
                18            1#    
IO.Slot2.IOAccess.ANALOGUE_OUTPUT_2
                20            1#    
IO.Slot2.IOAccess.ANALOGUE_OUTPUT_3
                22            1#    
IO.Slot2.IOAccess.SWITCH_STATUS
                4             1#    
IO.Slot2.StatusSwitch0
           F    2042          1#    1     
IO.Slot2.StatusSwitch1
           F    2046          1#    1     
IO.Slot2.StatusSwitch2
           F    2050          1#    1     
IO.Slot3.IOAccess.ANALOGUE_OUTPUT_0
                24            1#    
IO.Slot3.IOAccess.ANALOGUE_OUTPUT_1
                26            1#    
IO.Slot3.IOAccess.ANALOGUE_OUTPUT_2
                28            1#    
IO.Slot3.IOAccess.ANALOGUE_OUTPUT_3
                30            1#    
IO.Slot3.IOAccess.SWITCH_STATUS
                6             1#    
IO.Slot3.StatusSwitch0
           F    2058          1#    1     
IO.Slot3.StatusSwitch1
           F    2062          1#    1     
IO.Slot3.StatusSwitch2
           F    2066          1#    1     
RIO.Cons_gen_Sud4
           R    2354          3#    4     
RIO.Defaut_Sonde07
           F    2371          3#    
RIO.Defaut_Sonde08
           F    2372          3#    
RIO.Defaut_Sonde09
           F    2373          3#    
RIO.Defaut_Sonde10
           F    2374          3#    
RIO.DiagFlagBase
           F    2002..2009    1#    1     2     
RIO.Dig_Gen03
           F    2270          3#    
RIO.Dig_Gen04
           F    2271          3#    
RIO.Dig_Gen05
           F    2272          3#    
RIO.Dig_Gen06
           F    2273          3#    
RIO.Dig_Gen07
           F    2274          3#    
RIO.GlobalDiagnostic
           F    2002          1#    1     
RIO.Horloge_Gen
           F    2267          3#    4     
RIO.ManagerNotPresent
           F    2009          1#    1     
RIO.SendError
           F    2004          1#    1     
RIO.Sonde4_14_Cde_Fr
           R    2436          4#    4     
RIO.Sonde4_16_Cde_Ch
           R    2508          3#    4     
RIO.Sonde4_16_Cde_Clap
           R    2510          3#    4     
RIO.Sonde4_16_Cde_Fr
           R    2509          3#    4     
RIO.Sonde4_16_Cmd_Confort_Ch
           R    2016          3#    4     
RIO.Sonde4_16_Cmd_Confort_Fr
           R    2018          3#    4     
RIO.Sonde4_16_Cmd_Mode
           R    2020          3#    4     
RIO.Sonde4_16_Cmd_Reduit_Ch
           R    2017          3#    4     
RIO.Sonde4_16_Cmd_Reduit_Fr
           R    2019          3#    4     
RIO.Sonde4_16_Defaut
           F    2367          3#    4     
RIO.Sonde4_16_Lib
           F    2268          3#    4     
RIO.Sonde4_16_SetPoint
           R    2507          3#    4     
RIO.Sonde4_16_SP_Ch
           R    2511          3#    4     
RIO.Sonde4_16_SP_Fr
           R    2512          3#    4     
RIO.Sonde4_16_Temp
           R    2506          3#    4     
RIO.Sonde4_16_TimeOut
           F    2368          3#    4     
RIO.Sonde4_17_Cde_Ch
           R    2515          3#    4     
RIO.Sonde4_17_Cde_Clap
           R    2517          3#    4     
RIO.Sonde4_17_Cde_Fr
           R    2516          3#    4     
RIO.Sonde4_17_Cmd_Confort_Ch
           R    2487          3#    4     
RIO.Sonde4_17_Cmd_Confort_Fr
           R    2489          3#    4     
RIO.Sonde4_17_Cmd_Mode
           R    2491          3#    4     
RIO.Sonde4_17_Cmd_Reduit_Ch
           R    2488          3#    4     
RIO.Sonde4_17_Cmd_Reduit_Fr
           R    2490          3#    4     
RIO.Sonde4_17_Defaut
           F    2369          3#    4     
RIO.Sonde4_17_Lib
           F    2269          3#    4     
RIO.Sonde4_17_SetPoint
           R    2514          3#    4     
RIO.Sonde4_17_SP_Ch
           R    2518          3#    4     
RIO.Sonde4_17_SP_Fr
           R    2519          3#    4     
RIO.Sonde4_17_Temp
           R    2513          3#    4     
RIO.Sonde4_17_TimeOut
           F    2370          3#    4     
RIO.ST17A.V1_4_71
           R    2012          1#    1     4     
RIO.ST17A.V1_4_72
           R    2008          1#    1     4     
RIO.ST17A.V1_4_73
           R    2004          1#    1     4     
RIO.ST17A.V1_4_74
           R    2000          1#    1     4     
RIO.ST17A.V2_4_71
           R    2013          1#    1     4     
RIO.ST17A.V2_4_72
           R    2009          1#    1     4     
RIO.ST17A.V2_4_73
           R    2005          1#    1     4     
RIO.ST17A.V2_4_74
           R    2001          1#    1     4     
RIO.ST17A.V3_4_71
           R    2014          1#    1     4     
RIO.ST17A.V3_4_72
           R    2010          1#    1     4     
RIO.ST17A.V3_4_73
           R    2006          1#    1     4     
RIO.ST17A.V3_4_74
           R    2002          1#    1     4     
RIO.ST17A.V4_4_63
           R    2003          1#    1     4     
RIO.ST17A.V4_4_64
           R    2007          1#    1     4     
RIO.ST17A.V4_4_65
           R    2011          1#    1     4     
RIO.ST17A.V4_4_66
           R    2015          1#    1     4     
RIO.TelegramLost
           F    2003          1#    1     
S.CPU.Cpu       0             1#    
S.CPU.Eline_System
                0             1#    
S.CPU.EnergyMonitoringEnabled
                0             1#    
S.CPU.FirstCounter
           C    50            1#    
S.CPU.FirstDynCounter
           C    1000          1#    
S.CPU.FirstDynDB
           DB   3500          1#    
S.CPU.FirstDynFlag
           F    2000          1#    
S.CPU.FirstDynRamDB
           DB   6600          1#    
S.CPU.FirstDynRamText
           TEXT 5000          1#    
S.CPU.FirstDynRegister
           R    2000          1#    
S.CPU.FirstDynText
           TEXT 3000          1#    
S.CPU.FirstDynTimer
           T    10            1#    
S.CPU.FirstNonvolatileFlag
           F    0             1#    
S.CPU.FirstWritableTextDB
                -1            1#    
S.CPU.FullHandshakeOnPort0
                0             1#    
S.CPU.HasVolatileFlags
                0             1#    
S.CPU.Interrupt0XOB
                20            1#    
S.CPU.Interrupt1XOB
                21            1#    
S.CPU.IPAddress 0C0A80A40H    1#    
S.CPU.IPChannel 9             1#    
S.CPU.IPDefaultRouter
                01000000H     1#    
S.CPU.IPNode    0             1#    
S.CPU.IPSubnetMask
                0FFFFFF00H    1#    
S.CPU.LastDynCounter
           C    1599          1#    
S.CPU.LastDynDB
           DB   3999          1#    
S.CPU.LastDynFlag
           F    8191          1#    
S.CPU.LastDynRamDB
           DB   8191          1#    
S.CPU.LastDynRamText
           TEXT 6599          1#    
S.CPU.LastDynRegister
           R    8191          1#    
S.CPU.LastDynText
           TEXT 3499          1#    
S.CPU.LastDynTimer
           T    49            1#    
S.CPU.LastTimer
           T    49            1#    
S.CPU.LastVolatileFlag
                -1            1#    
S.CPU.MaxCounter
                1599          1#    
S.CPU.MaxFlag   14335         1#    
S.CPU.MaxFWVersion
                999999        1#    
S.CPU.MaxReg    16383         1#    
S.CPU.MinFWVersion
                12600         1#    
S.CPU.NT_System 1             1#    
S.CPU.PCD2M5_System
                0             1#    
S.CPU.PCD3_System
                42            1#    
S.CPU.PcdType   42            1#    
S.CPU.ProgramVersion
                1000000       1#    
S.CPU.SbusBaudRate
                9600          1#    
S.CPU.SbusMode  2             1#    
S.CPU.SbusModemBaudRate
                9600          1#    
S.CPU.SbusModemMode
                2             1#    
S.CPU.SbusModemPort
                -1            1#    
S.CPU.SbusPguPort
                -1            1#    
S.CPU.SbusStation
                3             1#    
S.CPU.TimerTimebase
                100           1#    
S.CPU.Use16BitAddressing
                0             1#    
S.CPU.Xob1Enable
                0             1#    
S.HVC.Clock.AllPHDay
           F    2144          5#    5     
S.HVC.Clock.ClkTest
           F    2153          5#    5     
S.HVC.Clock.ClkTest1
           F    2154          5#    5     
S.HVC.Clock.Day
           R    2054          5#    5     
S.HVC.Clock.DayInYear
           R    2063          5#    5     
S.HVC.Clock.DayOW
           R    2323          5#    5     
S.HVC.Clock.DHHMM
           R    2060          5#    5     
S.HVC.Clock.HHMM
           R    2049          5#    5     
S.HVC.Clock.HHMMSS
           R    2321..2323    5#    5     
S.HVC.Clock.Hour
           R    2055          5#    5     
S.HVC.Clock.MinODay
           R    2065          5#    5     
S.HVC.Clock.Minute
           R    2056          5#    5     
S.HVC.Clock.MMDD
           R    2048          5#    5     
S.HVC.Clock.MMDDHHMM
           R    2061          5#    5     
S.HVC.Clock.Month
           R    2053          5#    5     
S.HVC.Clock.PHDay
           F    2147          5#    5     
S.HVC.Clock.PHDay1
           F    2148          5#    5     
S.HVC.Clock.Season
           F    2149          5#    5     
S.HVC.Clock.SecODay
           R    2062          5#    5     
S.HVC.Clock.Second
           R    2057          5#    5     
S.HVC.Clock.SecTick
           F    2150          5#    5     
S.HVC.Clock.Week
           R    2058          5#    5     
S.HVC.Clock.WWD
           R    2059          5#    5     
S.HVC.Clock.Year
           R    2051          5#    5     
S.HVC.Clock.YYMMDD
           R    2047..2062    5#    5     
S.HVC.Clock.YYYYear
           R    2052          5#    5     
S.HVC.Clock.YYYYMMDD
           R    2322          5#    5     
S.IO.Slot0.AnalogueOutput
           R    2000..2003    1#    1     2     
S.IO.Slot0.SwitchInput
           F    2010..2025    1#    1     2     
S.IO.Slot1.AnalogueOutput
           R    2004..2007    1#    1     2     
S.IO.Slot1.SwitchInput
           F    2026..2041    1#    1     2     
S.IO.Slot2.AnalogueOutput
           R    2008..2011    1#    1     2     
S.IO.Slot2.SwitchInput
           F    2042..2057    1#    1     2     
S.IO.Slot3.AnalogueOutput
           R    2012..2015    1#    1     2     
S.IO.Slot3.SwitchInput
           F    2058..2073    1#    1     2     
S.ODM.Initialized
                0             1#    
S.PRJ.1_SUD.SbusStation
                13            1#    
S.PRJ.1er_3EME_SUD.SbusStation
                0             1#    
S.PRJ.2ème_3EME_NORD.SbusStation
                1             1#    
S.PRJ.3ème_4EME_SUD.SbusStation
                2             1#    
S.PRJ.4ème_4EME_NORD.SbusStation
                3             1#    
S.PRJ.4S_Station_A17.SbusStation
                3             1#    
S.PRJ.5ème_5EME_NORD.SbusStation
                5             1#    
S.PRJ.5ème_5EME_SUD.SbusStation
                4             1#    
S.PRJ.AppLanguage
                'fr'          1#    
S.PRJ.Extraction_Toiture.SbusStation
                10            1#    
S.PRJ.LibLanguage
                'fr'          1#    
S.PRJ.NAEF.SbusStation
                11            1#    
S.PRJ.ZURICH.SbusStation
                12            1#    
S.RIO.Cons_gen_A17
           R    2354          3#    2     3     
S.RIO.Defaut_Sonde
           F    2367..2374    3#    2     3     
S.RIO.DiagnosticID
                65500         1#    
S.RIO.Dig_Gen
           F    2267..2274    3#    2     3     
S.RIO.Sonde4_16
           R    2506..2512    3#    2     3     
S.RIO.Sonde4_16_Cmd
           R    2016..2020    3#    2     3     
S.RIO.Sonde4_17
           R    2513..2519    3#    2     3     
S.RIO.Sonde4_17_Cmd
           R    2487..2491    3#    2     3     
S.SYS.SASMVERS  2002140       1#    
Sonde4_13.Cde_Ch
           R    2416          4#    4     
Sonde4_13.Cde_Clap
           R    2417          4#    4     
Sonde4_13.Cde_Fr
           R    2418          4#    4     
Sonde4_13.Confort_Ch
           R    2431          4#    4     
Sonde4_13.Confort_Fr
           R    2432          4#    4     
Sonde4_13.Lib
           F    2423          4#    4     
Sonde4_13.Mode
           R    2433          4#    4     
Sonde4_13.Reduit_Ch
           R    2434          4#    4     
Sonde4_13.Reduit_Fr
           R    2435          4#    4     
Sonde4_13.SP_Ch
           R    2419          4#    4     
Sonde4_13.SP_Fr
           R    2420          4#    4     
Sonde4_16.Cde_Ch
           R    2345          4#    4     
Sonde4_16.Cde_Clap
           R    2346          4#    4     
Sonde4_16.Cde_Fr
           R    2347          4#    4     
Sonde4_16.Confort_Ch
           R    2348          4#    4     
Sonde4_16.Confort_Fr
           R    2349          4#    4     
Sonde4_16.Lib
           F    2265          4#    4     
Sonde4_16.Mode
           R    2350          4#    4     
Sonde4_16.Reduit_Ch
           R    2351          4#    4     
Sonde4_16.Reduit_Fr
           R    2352          4#    4     
Sonde4_16.SP_Ch
           R    2371          4#    4     
Sonde4_16.SP_Fr
           R    2372          4#    4     
Sonde4_17.Cde_Ch
           R    2463          4#    4     
Sonde4_17.Cde_Clap
           R    2464          4#    4     
Sonde4_17.Cde_Fr
           R    2465          4#    4     
Sonde4_17.Confort_Ch
           R    2466          4#    4     
Sonde4_17.Confort_Fr
           R    2467          4#    4     
Sonde4_17.Lib
           F    2333          4#    4     
Sonde4_17.Mode
           R    2468          4#    4     
Sonde4_17.Reduit_Ch
           R    2469          4#    4     
Sonde4_17.Reduit_Fr
           R    2470          4#    4     
Sonde4_17.SP_Ch
           R    2502          4#    4     
Sonde4_17.SP_Fr
           R    2503          4#    4     
Sud_4.ConsTA
           R    2353          4#    4     
Sud_4.Horl F    2266          4#    4     

Linkage complete. 0 errors, 0 warnings.
